// Jest Snapshot v1, https://goo.gl/fbAQLP

exports[`PrimaryPage renders 1`] = `"<div class=\\"root\\">Hello World!</div>"`;
