// Jest Snapshot v1, https://goo.gl/fbAQLP

exports[`WcButton renders 1`] = `"<button class=\\"btn ripple\\">Yeet</button>"`;
