// Jest Snapshot v1, https://goo.gl/fbAQLP

exports[`works 1`] = `"<div class=\\"root\\">Hello World!</div>"`;
